[doctoralvaropoma.com/index.html]
[doctoralvaropoma.com/wp-content/themes/porto/images/logo/favicon.ico]
[doctoralvaropoma.com/wp-content/themes/porto/images/logo/apple-touch-icon.png]
[doctoralvaropoma.com/wp-content/themes/porto/images/logo/apple-touch-icon_120x120.png]
[doctoralvaropoma.com/wp-content/themes/porto/images/logo/apple-touch-icon_76x76.png]
[doctoralvaropoma.com/wp-content/themes/porto/images/logo/apple-touch-icon_152x152.png]
[backblue.gif]
[fade.gif]
[index.html]
[doctoralvaropoma.com/comments/feed/index.html]
[doctoralvaropoma.com/feed/index.html]
[doctoralvaropoma.com/wp-content/cache/wpfc-minified/2murqvw0/dj6ax.js]
[doctoralvaropoma.com/wp-json/index.html]
[doctoralvaropoma.com/wp-json/wp/v2/pages/2.json]
[doctoralvaropoma.com/xmlrpc0db0.php]
[doctoralvaropoma.com/wp-includes/wlwmanifest.xml]
[doctoralvaropoma.com/wp-json/oembed/1.0/embed8071.json]
[doctoralvaropoma.com/wp-json/oembed/1.0/embedde70]
[doctoralvaropoma.com/wp-content/themes/porto/js/libs/webfont.js]
[doctoralvaropoma.com/wp-content/uploads/2020/11/cropped-logo-mini-32x32.jpg]
[doctoralvaropoma.com/wp-content/uploads/2020/11/logo-3.jpg]
[doctoralvaropoma.com/wp-content/uploads/2021/01/IMG-20201209-WA00071.jpg]
[doctoralvaropoma.com/departments/index.html]
[doctoralvaropoma.com/wp-content/uploads/2020/11/logo-de-fracruras.png]
[doctoralvaropoma.com/wp-content/uploads/2020/11/logo-protesis.png]
[doctoralvaropoma.com/author/admin/index.html]
[doctoralvaropoma.com/wp-content/uploads/2020/11/logo-lesiones-deportivas.png]
[doctoralvaropoma.com/contact-us/index.html]
[doctoralvaropoma.com/wp-content/uploads/2020/11/logo-mini-150x150.jpg]
[doctoralvaropoma.com/wp-content/uploads/2020/11/slide-6-768x398.jpg]
[doctoralvaropoma.com/wp-content/plugins/porto-functionality/shortcodes/assets/js/countup.min.js]
[doctoralvaropoma.com/wp-content/plugins/porto-functionality/shortcodes/assets/js/countup-loader.min.js]
[doctoralvaropoma.com/wp-content/uploads/2020/11/bvbv.jpg]
[doctoralvaropoma.com/wp-content/uploads/2020/12/20201206_1837191.jpg]
[doctoralvaropoma.com/wp-content/uploads/2020/12/20201206_1829281.jpg]
[doctoralvaropoma.com/wp-content/uploads/2020/11/essalud.png]
[doctoralvaropoma.com/wp-content/uploads/2020/11/novoclinic.png]
[doctoralvaropoma.com/wp-content/uploads/2020/11/clinica-san-juan-bautista.png]
[doctoralvaropoma.com/wp-content/uploads/2020/11/logo-blanco-2.png]
[doctoralvaropoma.com/wp-content/themes/porto/images/payments.png]
[doctoralvaropoma.com/wp-includes/js/imagesloaded.mineda1.js]
[doctoralvaropoma.com/wp-includes/js/masonry.min3a05.js]
[doctoralvaropoma.com/wp-content/themes/porto/inc/lib/live-search/live-searchd03b.js]
[doctoralvaropoma.com/wp-content/plugins/creame-whatsapp-me/public/js/joinchat.min8aee.js]
[doctoralvaropoma.com/wp-includes/js/comment-reply.min7e15.js]
[doctoralvaropoma.com/wp-content/themes/porto/js/libs/popper.min5392.js]
[doctoralvaropoma.com/wp-content/themes/porto/js/bootstrapa352.js]
[doctoralvaropoma.com/wp-content/themes/porto/js/libs/jquery.cookie.min330a.js]
[doctoralvaropoma.com/wp-content/themes/porto/js/libs/owl.carousel.min531b.js]
[doctoralvaropoma.com/wp-content/themes/porto/js/libs/jquery.fitvids.min4963.js]
[doctoralvaropoma.com/wp-content/themes/porto/js/libs/jquery.matchHeight.min.js]
[doctoralvaropoma.com/wp-content/themes/porto/js/libs/modernizrf7ff.js]
[doctoralvaropoma.com/wp-content/themes/porto/js/libs/jquery.magnific-popup.minf488.js]
[doctoralvaropoma.com/wp-content/themes/porto/js/libs/jquery.waitforimages.min4c56.js]
[doctoralvaropoma.com/wp-content/themes/porto/js/themed03b.js]
[doctoralvaropoma.com/wp-content/themes/porto/js/theme-asyncd03b.js]
[doctoralvaropoma.com/wp-includes/js/wp-embed.min7e15.js]
[doctoralvaropoma.com/wp-content/plugins/porto-functionality/shortcodes/assets/js/countup.min7e15.js]
[doctoralvaropoma.com/wp-content/plugins/porto-functionality/shortcodes/assets/js/countup-loader.min7e15.js]
[doctoralvaropoma.com/wp-content/plugins/elementor/assets/js/webpack.runtime.minaeb9.js]
[doctoralvaropoma.com/wp-content/plugins/elementor/assets/js/frontend-modules.minaeb9.js]
[doctoralvaropoma.com/wp-content/plugins/elementor-pro/assets/lib/sticky/jquery.sticky.min7c45.js]
[doctoralvaropoma.com/wp-content/plugins/elementor-pro/assets/js/frontend.min7c45.js]
[doctoralvaropoma.com/wp-includes/js/jquery/ui/position.mine899.js]
[doctoralvaropoma.com/wp-content/plugins/elementor/assets/lib/dialog/dialog.mina288.js]
[doctoralvaropoma.com/wp-content/plugins/elementor/assets/lib/waypoints/waypoints.min05da.js]
[doctoralvaropoma.com/wp-content/plugins/elementor/assets/lib/share-link/share-link.minaeb9.js]
[doctoralvaropoma.com/wp-content/plugins/elementor/assets/lib/swiper/swiper.min48f5.js]
[doctoralvaropoma.com/wp-content/plugins/elementor/assets/js/frontend.minaeb9.js]
[doctoralvaropoma.com/wp-content/plugins/elementor/assets/js/preloaded-elements-handlers.minaeb9.js]
[doctoralvaropoma.com/index.html]
[doctoralvaropoma.com/xmlrpc.php]
[doctoralvaropoma.com/wp-content/plugins/blogmentor/assets/webfonts/fa-brands-400.47.delayed]
[doctoralvaropoma.com/wp-content/plugins/revslider/public/assets/fonts/revicons/revicons90c6.eot]
[doctoralvaropoma.com/wp-content/plugins/revslider/public/assets/fonts/revicons/revicons90c6.woff]
[doctoralvaropoma.com/wp-content/plugins/revslider/public/assets/fonts/revicons/revicons90c6.ttf]
[doctoralvaropoma.com/wp-content/plugins/revslider/public/assets/assets/gridtile.png]
[doctoralvaropoma.com/wp-content/plugins/revslider/public/assets/assets/gridtile_white.png]
[doctoralvaropoma.com/wp-content/plugins/revslider/public/assets/assets/gridtile_3x3.png]
[doctoralvaropoma.com/wp-content/plugins/revslider/public/assets/assets/gridtile_3x3_white.png]
[doctoralvaropoma.com/wp-content/plugins/revslider/public/assets/assets/coloredbg.png]
[doctoralvaropoma.com/wp-content/plugins/revslider/public/assets/assets/loader.gif]
[doctoralvaropoma.com/wp-content/cache/wpfc-minified/jprauhnq/dj6ax.css]
[doctoralvaropoma.com/wp-content/cache/wpfc-minified/1s4ot7pg/dj6ax.css]
[doctoralvaropoma.com/wp-content/plugins/elementor/assets/lib/eicons/fonts/eiconsc2cd.eot]
[doctoralvaropoma.com/wp-content/cache/wpfc-minified/fqzi3648/dj6ax.css]
[doctoralvaropoma.com/wp-content/uploads/elementor/css/post-365cb52.css]
[doctoralvaropoma.com/wp-content/themes/porto/fonts/fontawesome/fa-brands-400.eot]
[doctoralvaropoma.com/wp-content/cache/wpfc-minified/jp5nfvt9/dj6ax.css]
[doctoralvaropoma.com/wp-content/uploads/elementor/css/post-207a4.css]
[doctoralvaropoma.com/wp-content/cache/wpfc-minified/gpfj5b9/dj6aw.css]
[doctoralvaropoma.com/wp-content/plugins/elementor/assets/lib/font-awesome/webfonts/fa-solid-900.eot]
[doctoralvaropoma.com/wp-content/cache/wpfc-minified/7w3yuqgy/dj6aw.css]
[doctoralvaropoma.com/wp-content/uploads/2020/11/cropped-logo-mini-180x180.jpg]
[doctoralvaropoma.com/wp-content/uploads/2020/11/cropped-logo-mini-192x192.jpg]
[doctoralvaropoma.com/blog/index.html]
[doctoralvaropoma.com/wp-json/wp/v2/pages/15.json]
[doctoralvaropoma.com/wp-json/oembed/1.0/embed883d.json]
[doctoralvaropoma.com/wp-json/oembed/1.0/embed29a2]
[doctoralvaropoma.com/wp-content/uploads/2020/12/20201104_0827431-300x266.jpg]
[doctoralvaropoma.com/wp-content/uploads/2020/12/20201104_0828021-186x300.jpg]
[doctoralvaropoma.com/wp-content/uploads/2020/11/ortopedia.jpg]
[doctoralvaropoma.com/wp-content/uploads/2020/11/artroscopia.jpg]
[doctoralvaropoma.com/wp-content/uploads/2020/11/reemplazo-articular.jpg]
[doctoralvaropoma.com/wp-includes/js/comment-reply.min24b2.js]
[doctoralvaropoma.com/wp-includes/js/wp-embed.min24b2.js]
[doctoralvaropoma.com/departments/index.html]
[doctoralvaropoma.com/wp-content/cache/wpfc-minified/feuvcsq/4lzny.js]
[doctoralvaropoma.com/wp-content/cache/wpfc-minified/mowyhydb/4lzny.js]
[doctoralvaropoma.com/wp-json/wp/v2/pages/6.json]
[doctoralvaropoma.com/wp-json/oembed/1.0/embedaee0.json]
[doctoralvaropoma.com/wp-json/oembed/1.0/embedd9ff]
[doctoralvaropoma.com/wp-content/uploads/2020/11/icono-mano-2.png]
[doctoralvaropoma.com/wp-content/uploads/2020/11/icono-hombro.png]
[doctoralvaropoma.com/wp-content/uploads/2020/11/icono-artroscopia.png]
[doctoralvaropoma.com/contact-us/index.html]
[doctoralvaropoma.com/author/admin/feed/index.html]
[doctoralvaropoma.com/wp-json/wp/v2/users/1.json]
[doctoralvaropoma.com/wp-content/themes/porto/js/libs/isotope.pkgd.min7c45.js]
[doctoralvaropoma.com/author/admin/index.html]
[doctoralvaropoma.com/wp-content/plugins/blogmentor/assets/webfonts/fa-brands-400.html]
[doctoralvaropoma.com/wp-content/plugins/revslider/public/assets/fonts/revicons/revicons90c6.svg]
[doctoralvaropoma.com/wp-content/plugins/revslider/public/assets/css/openhand.html]
[doctoralvaropoma.com/wp-content/plugins/revslider/public/assets/css/closedhand.html]
[doctoralvaropoma.com/wp-json/wp/v2/pages/692.json]
[doctoralvaropoma.com/wp-json/oembed/1.0/embed4c66.json]
[doctoralvaropoma.com/wp-json/oembed/1.0/embedd580]
[doctoralvaropoma.com/wp-content/uploads/2020/06/ESGUINCE-DE-TOBILLO-1-250x180.jpg]
[doctoralvaropoma.com/wp-content/uploads/2020/06/NECROSIS-250x180.jpg]
[doctoralvaropoma.com/wp-content/uploads/2020/06/LESIONES-DE-HOMBRO-250x180.jpg]
[doctoralvaropoma.com/blog/index.html]
[doctoralvaropoma.com/wp-content/uploads/elementor/css/post-15840e.css]
[doctoralvaropoma.com/2020/06/10/everyday-health-special-report/index.html]
[doctoralvaropoma.com/2020/06/10/natural-flu-remedies-that-actually-work/index.html]
[doctoralvaropoma.com/indexa1ca.html]
[doctoralvaropoma.com/wp-content/uploads/elementor/css/post-6b623.css]
[doctoralvaropoma.com/2020/06/09/can-weight-loss/index.html]
[doctoralvaropoma.com/index42dc.html]
[doctoralvaropoma.com/wp-content/cache/wpfc-minified/e5eunh3p/dq8ah.css]
[doctoralvaropoma.com/wp-content/uploads/elementor/css/post-6927607.css]
[doctoralvaropoma.com/index820c.html]
[doctoralvaropoma.com/wp-json/wp/v2/posts/200.json]
[doctoralvaropoma.com/2020/06/10/everyday-health-special-report/feed/index.html]
[doctoralvaropoma.com/wp-json/oembed/1.0/embedf37b.json]
[doctoralvaropoma.com/wp-json/oembed/1.0/embed4656]
[doctoralvaropoma.com/wp-content/uploads/2020/06/ESGUINCE-DE-TOBILLO-1.jpg]
[doctoralvaropoma.com/2020/06/10/everyday-health-special-report/index.html]
[doctoralvaropoma.com/wp-json/wp/v2/posts/198.json]
[doctoralvaropoma.com/2020/06/10/natural-flu-remedies-that-actually-work/feed/index.html]
[doctoralvaropoma.com/category/uncategorized/index.html]
[doctoralvaropoma.com/wp-json/oembed/1.0/embed2b90.json]
[doctoralvaropoma.com/wp-json/oembed/1.0/embedfa7f]
[doctoralvaropoma.com/wp-content/uploads/2020/06/NECROSIS.jpg]
[doctoralvaropoma.com/2020/06/10/natural-flu-remedies-that-actually-work/index.html]
[doctoralvaropoma.com/wp-json/wp/v2/posts/1.json]
[doctoralvaropoma.com/2020/06/09/can-weight-loss/feed/index.html]
[doctoralvaropoma.com/wp-json/oembed/1.0/embed9fab.json]
[doctoralvaropoma.com/wp-json/oembed/1.0/embedfd0b]
[doctoralvaropoma.com/wp-content/uploads/2020/06/LESIONES-DE-HOMBRO.jpg]
[doctoralvaropoma.com/CMSWebParts/CLCBlog/AjaxCLCBlogReservaTuHoraTooltipc309.aspx]
[doctoralvaropoma.com/INFORMACION-AL-PACIENTE/Su-doctor/Perfilfcdc.aspx]
[doctoralvaropoma.com/2020/06/09/can-weight-loss/index.html]
[www.portotheme.com/wordpress/porto/elementor/medical2/wp-content/uploads/sites/159/2020/06/medical2-bg-1.html]
[www.portotheme.com/wordpress/porto/elementor/medical2/wp-content/uploads/sites/159/2020/06/medical2-bg-2.html]
[www.portotheme.com/wordpress/porto/elementor/medical2/wp-content/uploads/sites/159/2020/06/medical2-bg-3.html]
[doctoralvaropoma.com/indexdc0d.html]
[doctoralvaropoma.com/wp-json/wp/v2/categories/1.json]
[doctoralvaropoma.com/category/uncategorized/index.html]
[doctoralvaropoma.com/indexd1c3.html]
[doctoralvaropoma.com/indexcff1.html]
[doctoralvaropoma.com/CMSWebParts/CLCBlog/AjaxCLCBlogReservaTuHoraTooltipc309.html]
[doctoralvaropoma.com/INFORMACION-AL-PACIENTE/Su-doctor/Perfilfcdc.html]
[doctoralvaropoma.com/category/uncategorized/feed/index.html]
